12:00:17 **** Build of configuration Debug for project vga_core_cpu0 ****
make all 
make --no-print-directory pre-build
a9-linaro-pre-build-step
' '
make --no-print-directory main-build
'Building file: ../src/main.cc'
'Invoking: ARM v7 g++ compiler'
arm-none-eabi-g++ -Wall -O0 -g3 -c -fmessage-length=0 -MT"src/main.o" -mcpu=cortex-a9 -mfpu=vfpv3 -mfloat-abi=hard -IC:/Zynq_Book/vitis_workspace/zedboard_platform/export/zedboard_platform/sw/zedboard_platform/standalone_domain/bspinclude/include -MMD -MP -MF"src/main.d" -MT"src/main.o" -o "src/main.o" "../src/main.cc"
../src/main.cc:515:20: warning: 'song_options' defined but not used [-Wunused-variable]
  515 | static const char *song_options[SONG_OPTION_COUNT] = {
      |                    ^~~~~~~~~~~~
../src/main.cc:92:12: warning: 'settings_index' defined but not used [-Wunused-variable]
   92 | static int settings_index = 0;
      |            ^~~~~~~~~~~~~~
'Finished building: ../src/main.cc'
' '
'Building target: vga_core_cpu0.elf'
'Invoking: ARM v7 g++ linker'
arm-none-eabi-g++ -mcpu=cortex-a9 -mfpu=vfpv3 -mfloat-abi=hard -Wl,-build-id=none -specs=Xilinx.spec -Wl,-T -Wl,../src/lscript.ld -LC:/Zynq_Book/vitis_workspace/zedboard_platform/export/zedboard_platform/sw/zedboard_platform/standalone_domain/bsplib/lib -o "vga_core_cpu0.elf"  ./src/main.o   -Wl,--start-group,-lxil,-lgcc,-lc,-lstdc++,--end-group
'Finished building target: vga_core_cpu0.elf'
' '
'Invoking: ARM v7 Print Size'
arm-none-eabi-size vga_core_cpu0.elf  |tee "vga_core_cpu0.elf.size"
   text	   data	    bss	    dec	    hex	filename
  59696	   6624	  26208	  92528	  16970	vga_core_cpu0.elf
'Finished building: vga_core_cpu0.elf.size'
' '
