18:45:46 **** Clean-only build of project zedboard_platform_1 ****
buildplatform.bat 53517 zedboard_platform_1 clean 
XSDB Server Channel: tcfchan#2
Cleaning the zynq_fsbl application.
rm -rf  sd.o  nand.o  image_mover.o  md5.o  fsbl_hooks.o  main.o  nor.o  qspi.o  rsa.o  ps7_init.o  pcap.o  fsbl_handoff.o zynq
_fsbl_bsp/ps7_cortexa9_0/lib/libxil.a fsbl.elf *.o

Cleaning the zynq_fsbl application, bsp
make -C ps7_cortexa9_0/libsrc/audio_mixer_v1_0/src -s clean 

make -C ps7_cortexa9_0/libsrc/coresightps_dcc_v1_8/src -s clean 

make -C ps7_cortexa9_0/libsrc/cpu_cortexa9_v2_10/src -s clean 

make -C ps7_cortexa9_0/libsrc/ddrps_v1_2/src -s clean 

make -C ps7_cortexa9_0/libsrc/devcfg_v3_7/src -s clean 

make -C ps7_cortexa9_0/libsrc/dmaps_v2_7/src -s clean 

make -C ps7_cortexa9_0/libsrc/emacps_v3_12/src -s clean 

make -C ps7_cortexa9_0/libsrc/gpiops_v3_8/src -s clean 

make -C ps7_cortexa9_0/libsrc/gpio_v4_7/src -s clean 

make -C ps7_cortexa9_0/libsrc/iicps_v3_12/src -s clean 

make -C ps7_cortexa9_0/libsrc/qspips_v3_8/src -s clean 

make -C ps7_cortexa9_0/libsrc/scugic_v4_3/src -s clean 

make -C ps7_cortexa9_0/libsrc/scutimer_v2_3/src -s clean 

make -C ps7_cortexa9_0/libsrc/scuwdt_v2_3/src -s clean 

make -C ps7_cortexa9_0/libsrc/sdps_v3_10/src -s clean 

make -C ps7_cortexa9_0/libsrc/standalone_v7_3/src -s clean 

make -C ps7_cortexa9_0/libsrc/tmrctr_v4_7/src -s clean 

make -C ps7_cortexa9_0/libsrc/ttcps_v3_12/src -s clean 

make -C ps7_cortexa9_0/libsrc/uartps_v3_10/src -s clean 

make -C ps7_cortexa9_0/libsrc/usbps_v2_6/src -s clean 

make -C ps7_cortexa9_0/libsrc/xadcps_v2_5/src -s clean 

make -C ps7_cortexa9_0/libsrc/xilffs_v4_4/src -s clean 

make -C ps7_cortexa9_0/libsrc/xilrsa_v1_6/src -s clean 

rm -f ps7_cortexa9_0/lib/libxil.a

Cleaning the BSP for domain  - standalone_domain
make -C ps7_cortexa9_0/libsrc/audio_mixer_v1_0/src -s clean 

make -C ps7_cortexa9_0/libsrc/coresightps_dcc_v1_8/src -s clean 

make -C ps7_cortexa9_0/libsrc/cpu_cortexa9_v2_10/src -s clean 

make -C ps7_cortexa9_0/libsrc/ddrps_v1_2/src -s clean 

make -C ps7_cortexa9_0/libsrc/devcfg_v3_7/src -s clean 

make -C ps7_cortexa9_0/libsrc/dmaps_v2_7/src -s clean 

make -C ps7_cortexa9_0/libsrc/emacps_v3_12/src -s clean 

make -C ps7_cortexa9_0/libsrc/gpiops_v3_8/src -s clean 

make -C ps7_cortexa9_0/libsrc/gpio_v4_7/src -s clean 

make -C ps7_cortexa9_0/libsrc/iicps_v3_12/src -s clean 

make -C ps7_cortexa9_0/libsrc/qspips_v3_8/src -s clean 

make -C ps7_cortexa9_0/libsrc/scugic_v4_3/src -s clean 

make -C ps7_cortexa9_0/libsrc/scutimer_v2_3/src -s clean 

make -C ps7_cortexa9_0/libsrc/scuwdt_v2_3/src -s clean 

make -C ps7_cortexa9_0/libsrc/sdps_v3_10/src -s clean 

make -C ps7_cortexa9_0/libsrc/standalone_v7_3/src -s clean 

make -C ps7_cortexa9_0/libsrc/tmrctr_v4_7/src -s clean 

make -C ps7_cortexa9_0/libsrc/ttcps_v3_12/src -s clean 

make -C ps7_cortexa9_0/libsrc/uartps_v3_10/src -s clean 

make -C ps7_cortexa9_0/libsrc/usbps_v2_6/src -s clean 

make -C ps7_cortexa9_0/libsrc/xadcps_v2_5/src -s clean 

rm -f ps7_cortexa9_0/lib/libxil.a

Cleaning the BSP for domain  - standalone_ps7_cortexa9_1
make -C ps7_cortexa9_1/libsrc/audio_mixer_v1_0/src -s clean 

rm: cannot lstat `*.o': Invalid argument
make[1]: *** [Makefile:26: clean] Error 1
make: *** [Makefile:49: ps7_cortexa9_1/libsrc/audio_mixer_v1_0/src/make.clean] Error 2
Failed to do platform clean.
    invoked from within
"::tcf::eval -progress {apply {{msg} {puts $msg}}} {tcf_send_command tcfchan#0 xsdb eval s es {{platform active zedboard_platform_1; platform clean}}}"
    (procedure "::tcf::send_command" line 4)
    invoked from within
"tcf send_command $::xsdb::curchan xsdb eval s es [list "platform active $PLATFORM_NAME; platform clean"]"
    invoked from within
"if { $iswindows == 1 } {    

    set XSDB_PORT [lindex $argv 0]
    set PLATFORM_NAME [lindex $argv 1]
    set arglen [llength $argv]
    set lastind..."
    (file "C:/Xilinx/Vitis/2020.2\scripts\vitis\util\buildplatform.tcl" line 11)

18:45:56 Build Finished (took 10s.453ms)

